{
  "summary": "Custom template test",
  "description": "A custom template test",
  "behavior": "Custom template 1",
  "name": "Custom template 1",
  "compliance": {
    "phi_data": false,
    "pci_data": false,
    "pii_data": false
  },
  "data": [
    {
      "name": "sw_custom_template_1",
      "location": "hdfs://cluster/data/shared_workspace/custom_template_1",
      "size_in_gb": 250,
      "managing_group": {
        "group": {
          "common_name": "edh_sw_custom_template_1",
          "distinguished_name": "cn=edh_sw_custom_template_1,ou=heimdali,dc=jotunn,dc=io",
          "sentry_role": "role_sw_custom_template_1",
          "attributes": [
            ["dn", "cn=edh_sw_custom_template_1,ou=heimdali,dc=jotunn,dc=io"],
            ["objectClass", "group"],
            ["objectClass", "top"],
            ["sAMAccountName", "edh_sw_custom_template_1"],
            ["cn", "edh_sw_custom_template_1"],
            ["gidNumber", "123"]
          ]
        }
      },
      "readwrite_group": {
        "group": {
          "common_name": "edh_sw_custom_template_1_rw",
          "distinguished_name": "cn=edh_sw_custom_template_1_rw,ou=heimdali,dc=jotunn,dc=io",
          "sentry_role": "role_sw_custom_template_1_rw",
          "attributes": [
            ["dn", "cn=edh_sw_custom_template_1_rw,ou=heimdali,dc=jotunn,dc=io"],
            ["objectClass", "group"],
            ["objectClass", "top"],
            ["sAMAccountName", "edh_sw_custom_template_1_rw"],
            ["cn", "edh_sw_custom_template_1_rw"],
            ["gidNumber", "123"]
          ]
        }
      },
      "readonly_group": {
        "group": {
          "common_name": "edh_sw_custom_template_1_ro",
          "distinguished_name": "cn=edh_sw_custom_template_1_ro,ou=heimdali,dc=jotunn,dc=io",
          "sentry_role": "role_sw_custom_template_1_ro",
          "attributes": [
            ["dn", "cn=edh_sw_custom_template_1_ro,ou=heimdali,dc=jotunn,dc=io"],
            ["objectClass", "group"],
            ["objectClass", "top"],
            ["sAMAccountName", "edh_sw_custom_template_1_ro"],
            ["cn", "edh_sw_custom_template_1_ro"],
            ["gidNumber", "123"]
          ]
        }
      }
    }
  ],
  "processing": [
    {
      "pool_name": "root.sw_custom_template_1",
      "max_cores": 4,
      "max_memory_in_gb": 16
    }
  ],
  "applications": [
    {
      "name": "default",
      "consumer_group": "custom_template_1_default_cg",
      "group": {
        "common_name": "custom_template_1_default_cg",
        "distinguished_name": "cn=custom_template_1_default_cg,ou=heimdali,dc=jotunn,dc=io",
        "sentry_role": "role_custom_template_1_default_cg",
        "attributes": [
          ["dn", "cn=custom_template_1_default_cg,ou=heimdali,dc=jotunn,dc=io"],
          ["objectClass", "group"],
          ["objectClass", "top"],
          ["sAMAccountName", "custom_template_1_default_cg"],
          ["cn", "custom_template_1_default_cg"],
          ["gidNumber", "123"]
        ]
      }
    }
  ],
  "topics": [],
  "single_user": false,
  "requester": "cn=john.doe,ou=hadoop,dc=example,dc=com",
  "requested_date": "2019-07-11T10:18:31.905Z",
  "status": "Pending",
  "metadata": {
    "name": "Custom template 1",
    "description": "Custom template 1",
    "ordering": 1,
    "tags": {
      "tag1": "foo"
    }
  }
}
