// Jest Snapshot v1, https://goo.gl/fbAQLP

exports[`Behavior renders correctly 1`] = `
<Card
  bodyStyle={
    Object {
      "textAlign": "center",
    }
  }
  hoverable={true}
  onClick={[Function]}
  style={
    Object {
      "borderRadius": 3,
      "flex": 1,
      "marginBottom": 15,
    }
  }
>
  <div
    style={
      Object {
        "opacity": 0,
        "position": "absolute",
        "right": 25,
        "top": 25,
        "transition": "opacity 300ms",
      }
    }
  >
    <Icon
      style={
        Object {
          "fontSize": 14,
        }
      }
      type="check"
    />
  </div>
  <Icon
    style={
      Object {
        "fontSize": 42,
      }
    }
    type=""
  />
  <div
    style={
      Object {
        "display": "flex",
        "fontSize": 14,
        "justifyContent": "center",
        "textTransform": "uppercase",
      }
    }
  />
</Card>
`;
