// Jest Snapshot v1, https://goo.gl/fbAQLP

exports[`ApplicationsTab renders correctly 1`] = `
<div
  style={
    Object {
      "padding": 12,
    }
  }
>
  <Button
    block={false}
    ghost={false}
    htmlType="button"
    loading={false}
    onClick={[Function]}
    style={
      Object {
        "position": "absolute",
        "right": 12,
        "zIndex": 999,
      }
    }
    type="primary"
  >
    Add an Application
  </Button>
  <Tabs
    hideAdd={false}
    onChange={[Function]}
    tabPosition="top"
  />
</div>
`;
