{
  "metadata": {
    "name": "john.doe",
    "description": "john.doe",
    "ordering": 1,
    "tags": {}
  },
  "summary": "john.doe",
  "description": "john.doe",
  "behavior": "user",
  "name": "john.doe",
  "compliance": {
    "phi_data": false,
    "pci_data": false,
    "pii_data": false
  },
  "data": [
    {
      "name": "user_john_doe",
      "location": "hdfs://cluster/user/john_doe/db",
      "size_in_gb": 250,
      "managing_group": {
        "group": {
          "common_name": "user_john_doe",
          "distinguished_name": "cn=user_john_doe,ou=heimdali,dc=jotunn,dc=io",
          "sentry_role": "role_user_john_doe",
          "attributes": [
            ["dn", "cn=user_john_doe,ou=heimdali,dc=jotunn,dc=io"],
            ["objectClass", "group"],
            ["objectClass", "top"],
            ["sAMAccountName", "user_john_doe"],
            ["cn", "user_john_doe"],
            ["gidNumber", "123"]
          ]
        }
      }
    }
  ],
  "processing": [
    {
      "pool_name": "root.users.john_doe",
      "max_cores": 1,
      "max_memory_in_gb": 1
    }
  ],
  "applications": [],
  "topics": [
    {
      "name": "john_doe.default",
      "partitions": 1,
      "replication_factor": 3,
      "managing_role": {
        "name": "john_doe.default",
        "group": {
          "common_name": "john_doe_default",
          "distinguished_name": "cn=john_doe_default,ou=heimdali,dc=jotunn,dc=io",
          "sentry_role": "role_john_doe_default",
          "attributes": [
            ["dn", "cn=john_doe_default,ou=heimdali,dc=jotunn,dc=io"],
            ["objectClass", "group"],
            ["objectClass", "top"],
            ["sAMAccountName", "john_doe_default"],
            ["cn", "john_doe_default"],
            ["gidNumber", "123"]
          ]
        },
        "actions": "read,describe"
      },
      "readonly_role": {
        "name": "john_doe.default",
        "group": {
          "common_name": "john_doe_default_ro",
          "distinguished_name": "cn=john_doe_default_ro,ou=heimdali,dc=jotunn,dc=io",
          "sentry_role": "role_john_doe_default_ro",
          "attributes": [
            ["dn", "cn=john_doe_default_ro,ou=heimdali,dc=jotunn,dc=io"],
            ["objectClass", "group"],
            ["objectClass", "top"],
            ["sAMAccountName", "john_doe_default_ro"],
            ["cn", "john_doe_default_ro"],
            ["gidNumber", "123"]
          ]
        },
        "actions": "read"
      }
    }
  ],
  "single_user": true,
  "requester": "cn=john.doe,ou=hadoop,dc=example,dc=com",
  "status": "Pending"
}
