// Jest Snapshot v1, https://goo.gl/fbAQLP

exports[`RecentWorkspaces renders correctly 1`] = `
<div
  style={
    Object {
      "padding": "0 12px",
    }
  }
>
  <h3
    style={
      Object {
        "paddingTop": "16px",
      }
    }
  >
    RECENT WORKSPACES
  </h3>
  <List
    bordered={false}
    dataSource={
      Array [
        Object {
          "applications": Array [],
          "behavior": "",
          "compliance": Object {
            "pci_data": false,
            "phi_data": false,
            "pii_data": false,
          },
          "data": Array [
            Object {
              "consumed_in_gb": 0,
              "id": 1,
              "location": "",
              "managing_group": Object {
                "group": Object {
                  "attributes": Array [
                    Array [
                      "",
                      "",
                    ],
                  ],
                  "common_name": "",
                  "distinguished_name": "",
                  "sentry_role": "",
                },
              },
              "name": "",
              "size_in_gb": 0,
            },
          ],
          "description": "",
          "id": 0,
          "name": "",
          "processing": Array [
            Object {
              "id": 0,
              "max_cores": 0,
              "max_memory_in_gb": 0,
              "pool_name": "",
            },
          ],
          "requested_date": 1970-01-01T00:00:00.000Z,
          "requester": "",
          "single_user": false,
          "summary": "",
          "topics": Array [],
        },
      ]
    }
    grid={
      Object {
        "column": 1,
        "gutter": 25,
        "lg": 2,
      }
    }
    loading={false}
    pagination={false}
    renderItem={[Function]}
    split={true}
  />
</div>
`;
