// Jest Snapshot v1, https://goo.gl/fbAQLP

exports[`Compliance renders correctly 1`] = `
<div
  style={
    Object {
      "display": "flex",
      "justifyContent": "center",
      "paddingTop": 8,
    }
  }
>
  <ComplianceItem
    checked={true}
    icon="bank"
  >
    PCI
  </ComplianceItem>
  <ComplianceItem
    checked={true}
    icon="medicine-box"
  >
    PHI
  </ComplianceItem>
  <ComplianceItem
    checked={true}
    icon="idcard"
  >
    PII
  </ComplianceItem>
</div>
`;
