// Jest Snapshot v1, https://goo.gl/fbAQLP

exports[`Info renders correctly 1`] = `
<div
  style={
    Object {
      "textAlign": "center",
    }
  }
>
  <Icon
    style={
      Object {
        "fontSize": 72,
      }
    }
    type="deployment-unit"
  />
  <div
    style={
      Object {
        "fontSize": 32,
      }
    }
  >
    rkaland
  </div>
  <div
    style={
      Object {
        "fontSize": 16,
        "marginTop": -4,
      }
    }
  >
    info-rkaland
  </div>
</div>
`;
